[1/83] SKIP презентация.pdf
[2/83] SKIP презентация.pdf
[3/83] SKIP презентация.pdf
[4/83] SKIP презентация.pdf
[5/83] SKIP презентация.pdf
[6/83] SKIP презентация.pdf
[7/83] SKIP презентация.pdf
[8/83] SKIP презентация.pdf
[9/83] SKIP презентация.pdf
[10/83] SKIP презентация.pdf
[11/83] SKIP презентация.pdf
[12/83] SKIP презентация.pdf
[13/83] SKIP презентация.pdf
[14/83] SKIP презентация.pdf
[15/83] SKIP презентация.pdf
[16/83] SKIP презентация.pdf
[17/83] SKIP GU  Структкра встречи и Бриф.pdf
[18/83] SKIP презентация.pdf
[19/83] SKIP GU Чек лист встречи .pdf
[20/83] SKIP презентация.pdf
[21/83] SKIP презентация.pdf
[22/83] SKIP презентация.pdf
[23/83] SKIP презентация.pdf
[24/83] SKIP презентация.pdf
[25/83] SKIP презентация.pdf
[26/83] SKIP презентация.pdf
[27/83] SKIP Как_выбрать_правильную_форму_бизнеса.pdf
[28/83] SKIP презентация.pdf
[29/83] SKIP Как_выбрать_правильную_форму_налогообложения.pdf
[30/83] SKIP презентация-урок.pdf
[31/83] SKIP презентация 1.pdf
[32/83] SKIP презентация2.pdf
[33/83] SKIP презентация3.pdf
[34/83] SKIP презентация.pdf
[35/83] SKIP презентация.pdf
[36/83] доп-материалы/GU  Структкра встречи и Бриф.pdf
warning: The `fitz` API is deprecated and will be removed in future. Use `import pymupdf` instead.
      → 1,489 символов
[37/83] доп-материалы/GU Чек лист встречи .pdf
      → 1,354 символов
[38/83] доп-материалы/Копия_Шаблон_Тарифной_Сетки_2_0_by_surgay_ru_1.pdf
      → 9,025 символов
[39/83] доп-материалы/Сайты,_которые_демонстрировались_на_эфире_1.pdf
      → 294 символов
[40/83] доп-материалы/брифы для дизайнера.pdf
      → 3,741 символов
[41/83] направления/UX, UI Дизайнер/2. Дизайн-упаковка бренда/1 урок. Знакомство с экспертом/презентация.pdf
      → 1,485 символов
[42/83] направления/UX, UI Дизайнер/2. Дизайн-упаковка бренда/10 урок. Где искать клиентов и как сделать так, чтобы они возвращались/презентация.pdf
      → 2,956 символов
[43/83] направления/UX, UI Дизайнер/2. Дизайн-упаковка бренда/2 урок. О профессии. Какие бывают дизайнеры/Список_профессиональных_направлений_в_дизайне_pdf.pdf
      → 2,290 символов
[44/83] направления/UX, UI Дизайнер/2. Дизайн-упаковка бренда/2 урок. О профессии. Какие бывают дизайнеры/презентация.pdf
      → 3,165 символов
[45/83] направления/UX, UI Дизайнер/2. Дизайн-упаковка бренда/3 урок. Как дизайн помогает в маркетинге/презентация.pdf
      → 2,292 символов
[46/83] направления/UX, UI Дизайнер/2. Дизайн-упаковка бренда/4 урок. Композиция/презентация.pdf
      → 3,759 символов
[47/83] направления/UX, UI Дизайнер/2. Дизайн-упаковка бренда/5 урок. Основы колористики/презентация.pdf
      → 3,130 символов
[48/83] направления/UX, UI Дизайнер/2. Дизайн-упаковка бренда/6 урок. Референсы и насмотренность. Зачем, как и где формировать/преезентация.pdf
      → 450 символов
[49/83] направления/UX, UI Дизайнер/2. Дизайн-упаковка бренда/7 урок.Шрифт. Шрифтовые композиции и комбинации/преезентаиция.pdf
      → 2,890 символов
[50/83] направления/UX, UI Дизайнер/2. Дизайн-упаковка бренда/8 урок. Создание макетов, работа с гайдлайном/презентация.pdf
      → 3,872 символов
[51/83] направления/UX, UI Дизайнер/2. Дизайн-упаковка бренда/9 урок. Как оформлять свое портфолио и зачем это вообще нужно/презентация.pdf
      → 1,328 символов
[52/83] направления/UX, UI Дизайнер/4. Дополнительные уроки к модулю сайты от Владимира Сургая/1 урок. Прибыльные сайты/презентация.pdf
      → 6,250 символов
[53/83] направления/UX, UI Дизайнер/4. Дополнительные уроки к модулю сайты от Владимира Сургая/2 урок. Максимум конверсии на сайтах/презентация.pdf
      → 998 символов
[54/83] направления/UX, UI Дизайнер/4. Дополнительные уроки к модулю сайты от Владимира Сургая/3 урок. Повышаем насмотренность. Оформление первого экрана/презентация.pdf
      → 7,945 символов
[55/83] направления/UX, UI Дизайнер/4. Дополнительные уроки к модулю сайты от Владимира Сургая/4 урок. PRO копирайтинг/презентация.pdf
      → 6,660 символов
[56/83] направления/UX, UI Дизайнер/4. Дополнительные уроки к модулю сайты от Владимира Сургая/5 урок. Формула идеальной выгоды/презентация.pdf
      → 14,281 символов
[57/83] направления/UX, UI Дизайнер/4. Дополнительные уроки к модулю сайты от Владимира Сургая/6 урок. 7 правил идеального СТА/презентация.pdf
      → 10,809 символов
[58/83] направления/UX, UI Дизайнер/4. Дополнительные уроки к модулю сайты от Владимира Сургая/Как правильно создавать прототипы мобильных версий Landind Page/презентация.pdf
      → 9,558 символов
[59/83] направления/Интернет-маркетолог/Digital-маркетинг. PRO/1 урок. Знакомство с экспертом/презентация.pdf
      → 8,649 символов
[60/83] направления/Интернет-маркетолог/Digital-маркетинг. PRO/2 урок. Все в мире - маркетинг/презентация.pdf
      → 2,089 символов
[61/83] направления/Интернет-маркетолог/Digital-маркетинг. PRO/3 урок. Маркетинговая связка/презентация.pdf
      → 1,383 символов
[62/83] направления/Интернет-маркетолог/Digital-маркетинг. PRO/4 урок. Декомпозиция воронки продаж/презентация.pdf
      → 1,343 символов
[63/83] направления/Интернет-маркетолог/Digital-маркетинг. PRO/5 урок. Ответственность маркетолога/презентация.pdf
      → 1,066 символов
[64/83] направления/Интернет-маркетолог/Digital-маркетинг. PRO/6 урок. Виды трафика. Affinity index/презентация.pdf
      → 1,878 символов
[65/83] направления/Интернет-маркетолог/Digital-маркетинг. PRO/7 урок. Лестница Б.Ханта/презентация.pdf
      → 1,910 символов
[66/83] направления/Интернет-маркетолог/Digital-маркетинг. PRO/8 урок. CustDev VS Брифинг/презентация.pdf
      → 1,856 символов
[67/83] направления/Интернет-маркетолог/Основы интернет-маркетинга/1 урок. Вводный/6a03a41aa536d3d8dfde1e4be311fda3.pdf
      → 2,099 символов
[68/83] направления/Интернет-маркетолог/Основы интернет-маркетинга/10 урок. Итоги 1 модуля и напутствие/презентация.pdf
      → 2,001 символов
[69/83] направления/Интернет-маркетолог/Основы интернет-маркетинга/2 урок. Сфера маркетинга и профессия маркетолог/a46de9babd9c2ede1a812f81ec4b75a0.pdf
      → 6,258 символов
[70/83] направления/Интернет-маркетолог/Основы интернет-маркетинга/3 урок. Подготовка к практите и первый опыт/31d3710ff273edd49eb95871e6cb3c1a.pdf
      → 870 символов
[71/83] направления/Интернет-маркетолог/Основы интернет-маркетинга/4 урок. Целевая аудитория. Анализ ЦА/презентация.pdf
      → 5,303 символов
[72/83] направления/Интернет-маркетолог/Основы интернет-маркетинга/5 урок. Позиционирование, УТП, офферы и заголовки/презентация.pdf
      → 8,180 символов
[73/83] направления/Интернет-маркетолог/Основы интернет-маркетинга/6 урок. Анализ конкурентов/презентация.pdf
      → 2,311 символов
[74/83] направления/Интернет-маркетолог/Основы интернет-маркетинга/7 урок. Воронка продаж - продуктовая матрица, декомпозиция, упаковка и точки контакта/презентация.pdf
      → 6,830 символов
[75/83] направления/Интернет-маркетолог/Основы интернет-маркетинга/8 урок. Бриф с клиентом, работа со смыслом/презентация.pdf
      → 4,900 символов
[76/83] направления/Интернет-маркетолог/Основы интернет-маркетинга/9 урок. Основные каналы рекламы и виды продвижения/презентация.pdf
      → 6,958 символов
[77/83] направления/Подготовительный модуль/1 урок. Знакомство с экспертом/9168f20a899cb779a0ba448a6566b1ea.pdf
      → 4,341 символов
[78/83] направления/Подготовительный модуль/2 урок. Актуальность макретинга/3f0821cf2f09ecd3f7ef83a3506486a9.pdf
      → 10,308 символов
[79/83] направления/Подготовительный модуль/3 урок. Заработок в маркетинге/9b478d5b6640f3a4694274263bf4aa8a.pdf
      → 17,843 символов
[80/83] направления/Подготовительный модуль/4 урок. 10 направлений для гринда 100-300 тыс. рублей/70827c5d0deec6508e9b191a97b77dee.pdf
      → 25,845 символов
[81/83] направления/Подготовительный модуль/5 урок. Путь на обучении и первый проект/c8babf826ca137abcbe119b9a87cedbd.pdf
      → 3,723 символов
[82/83] направления/Подготовительный модуль/Словарь GU/Базовый словарь.pdf
      → 47,887 символов
[83/83] направления/Подготовительный модуль/Словарь GU/Словарь дополнительные модули.pdf
      → 8,103 символов
